// Jest Snapshot v1, https://goo.gl/fbAQLP

exports[`BooksContainer should match snapshot 1`] = `ShallowWrapper {}`;
